../Libs/Src/Frame_Sync.c:22:13:Rx_Reset	296	static
../Libs/Src/Frame_Sync.c:27:13:CRC_Update	16	static
../Libs/Src/Frame_Sync.c:43:13:CRC_Transmit	16	static
../Libs/Src/Frame_Sync.c:65:13:Stuffed_Transmit	24	static
../Libs/Src/Frame_Sync.c:85:13:Check_Frame	24	static
../Libs/Src/Frame_Sync.c:94:6:FRAME_SYNC_Init	4	static
../Libs/Src/Frame_Sync.c:98:9:FRAME_SYNC_CRC_Type	4	static
../Libs/Src/Frame_Sync.c:102:6:FRAME_SYNC_Change_Setting	16	static
../Libs/Src/Frame_Sync.c:106:6:FRAME_SYNC_Transmit	24	static
../Libs/Src/Frame_Sync.c:123:6:FRAME_SYNC_Receive	16	static
../Libs/Src/Frame_Sync.c:194:6:FRAME_SYNC_Handle	8	static
