../Core/Src/main.c:80:6:BUTTON_Press_Short_Callback	16	static
../Core/Src/main.c:86:6:FRAME_SYNC_RxCpltCallback	136	static
../Core/Src/main.c:98:6:FRAME_SYNC_RxFailCallback	128	static
../Core/Src/main.c:103:6:HAL_UART_RxCpltCallback	16	static
../Core/Src/main.c:119:5:main	8	static
../Core/Src/main.c:180:6:SystemClock_Config	88	static
../Core/Src/main.c:227:13:MX_USART2_UART_Init	8	static
../Core/Src/main.c:260:13:MX_USART6_UART_Init	8	static
../Core/Src/main.c:293:13:MX_GPIO_Init	40	static
../Core/Src/main.c:328:6:Error_Handler	4	static,ignoring_inline_asm
