../Core/Src/main.c:77:6:BUTTON_Press_Short_Callback	16	static
../Core/Src/main.c:83:6:FRAME_SYNC_RxCpltCallback	136	static
../Core/Src/main.c:97:6:FRAME_SYNC_RxFailCallback	16	static
../Core/Src/main.c:102:6:HAL_UART_RxCpltCallback	16	static
../Core/Src/main.c:115:5:main	8	static
../Core/Src/main.c:170:6:SystemClock_Config	88	static
../Core/Src/main.c:217:13:MX_USART2_UART_Init	8	static
../Core/Src/main.c:250:13:MX_GPIO_Init	40	static
../Core/Src/main.c:284:6:Error_Handler	4	static,ignoring_inline_asm
